// Jest Snapshot v1, https://goo.gl/fbAQLP

exports[`<ProductTitle /> It should display the component with the product name 1`] = `
<div
  className="productCard undefined"
>
  <span
    className="productDescription undefined"
  >
    Coffee Mug - NoImage
  </span>
</div>
`;

exports[`<ProductTitle /> It should render successfully the given title 1`] = `
<span
  className="productDescription custom-class"
>
  Custom Product
</span>
`;
