// Jest Snapshot v1, https://goo.gl/fbAQLP

exports[`<ProductImage /> It should display the component with the product image 1`] = `
<div
  className="productCard undefined"
>
  <img
    alt="Product"
    className="productImg undefined"
    src="./coffee-mug.png"
  />
</div>
`;

exports[`<ProductImage /> It should render successfully the given image 1`] = `
<img
  alt="Product"
  className="productImg custom-class"
  src="http:://thereisanimage.com/image.jpg"
/>
`;
